Resolving dependencies...
Downloading packages...
  characters 1.4.0 (1.4.1 available)
  cli_util 0.4.2 (0.5.0 available)
  flutter_launcher_icons 0.13.1 (0.14.4 available)
  matcher 0.12.17 (0.12.19 available)
  material_color_utilities 0.11.1 (0.13.0 available)
  meta 1.17.0 (1.18.2 available)
  native_toolchain_c 0.17.6 (0.18.0 available)
  test_api 0.7.7 (0.7.11 available)
  vector_math 2.2.0 (2.3.0 available)
Got dependencies!
9 packages have newer versions incompatible with dependency constraints.
Try `flutter pub outdated` for more information.
00:00 +0: loading D:/Users/ROG/Documents/University/NUM/Codes/flutter projects/anime_discovery/test/anime_provider_test.dart
00:00 +0 -1: loading D:/Users/ROG/Documents/University/NUM/Codes/flutter projects/anime_discovery/test/anime_provider_test.dart [E]
  Failed to load "D:/Users/ROG/Documents/University/NUM/Codes/flutter projects/anime_discovery/test/anime_provider_test.dart":
  Compilation failed for testPath=D:/Users/ROG/Documents/University/NUM/Codes/flutter projects/anime_discovery/test/anime_provider_test.dart: test/anime_provider_test.dart:19:22: Error: No named parameter with the name 'score'.
          score: Score(score: 9.0),
                       ^^^^^
  lib/models/anime_model.dart:68:3: Context: Found this candidate, but the arguments don't match.
    Score({
    ^^^^^
  test/anime_provider_test.dart:36:22: Error: No named parameter with the name 'score'.
          score: Score(score: 8.5),
                       ^^^^^
  lib/models/anime_model.dart:68:3: Context: Found this candidate, but the arguments don't match.
    Score({
    ^^^^^
  .
  Error: The Dart compiler exited unexpectedly.
  package:flutter_tools/src/base/common.dart 34:3  throwToolExit
  package:flutter_tools/src/compile.dart 911:11    DefaultResidentCompiler._compile.<fn>
  dart:async/zone.dart 1538:47                     _rootRunUnary
  dart:async/zone.dart 1429:19                     _CustomZone.runUnary
  dart:async/future_impl.dart 948:45               Future._propagateToListeners.handleValueCallback
  dart:async/future_impl.dart 977:13               Future._propagateToListeners
  dart:async/future_impl.dart 862:9                Future._propagateToListeners
  dart:async/future_impl.dart 720:5                Future._completeWithValue
  dart:async/future_impl.dart 804:7                Future._asyncCompleteWithValue.<fn>
  dart:async/zone.dart 1525:13                     _rootRun
  dart:async/zone.dart 1422:19                     _CustomZone.run
  dart:async/zone.dart 1321:7                      _CustomZone.runGuarded
  dart:async/zone.dart 1362:23                     _CustomZone.bindCallbackGuarded.<fn>
  dart:async/schedule_microtask.dart 40:35         _microtaskLoop
  dart:async/schedule_microtask.dart 49:5          _startMicrotaskLoop
  dart:isolate-patch/isolate_patch.dart 127:13     _runPendingImmediateCallback
  dart:isolate-patch/isolate_patch.dart 194:5      _RawReceivePort._handleMessage
  
00:00 +0 -2: loading D:/Users/ROG/Documents/University/NUM/Codes/flutter projects/anime_discovery/test/api_service_test.dart [E]
  Failed to load "D:/Users/ROG/Documents/University/NUM/Codes/flutter projects/anime_discovery/test/api_service_test.dart":
  Compilation failed for testPath=D:/Users/ROG/Documents/University/NUM/Codes/flutter projects/anime_discovery/test/api_service_test.dart: test/api_service_test.dart:11:12: Error: The method 'testLoad' isn't defined for the type 'DotEnv'.
   - 'DotEnv' is from 'package:flutter_dotenv/src/dotenv.dart' ('/C:/Users/ROG/AppData/Local/Pub/Cache/hosted/pub.dev/flutter_dotenv-6.0.1/lib/src/dotenv.dart').
  Try correcting the name to the name of an existing method, or defining a method named 'testLoad'.
      dotenv.testLoad(fileInput: '''JIKAN_API_BASE_URL=https://api.jikan.moe/v4''');
             ^^^^^^^^
  .
00:00 +0 -2: loading D:/Users/ROG/Documents/University/NUM/Codes/flutter projects/anime_discovery/test/anime_provider_test.dart [E]
  Error: The Dart compiler exited unexpectedly.
  package:flutter_tools/src/base/common.dart 34:3  throwToolExit
  package:flutter_tools/src/compile.dart 911:11    DefaultResidentCompiler._compile.<fn>
  dart:async/zone.dart 1538:47                     _rootRunUnary
  dart:async/zone.dart 1429:19                     _CustomZone.runUnary
  dart:async/future_impl.dart 948:45               Future._propagateToListeners.handleValueCallback
  dart:async/future_impl.dart 977:13               Future._propagateToListeners
  dart:async/future_impl.dart 862:9                Future._propagateToListeners
  dart:async/future_impl.dart 720:5                Future._completeWithValue
  dart:async/future_impl.dart 804:7                Future._asyncCompleteWithValue.<fn>
  dart:async/zone.dart 1525:13                     _rootRun
  dart:async/zone.dart 1422:19                     _CustomZone.run
  dart:async/zone.dart 1321:7                      _CustomZone.runGuarded
  dart:async/zone.dart 1362:23                     _CustomZone.bindCallbackGuarded.<fn>
  dart:async/schedule_microtask.dart 40:35         _microtaskLoop
  dart:async/schedule_microtask.dart 49:5          _startMicrotaskLoop
  dart:isolate-patch/isolate_patch.dart 127:13     _runPendingImmediateCallback
  dart:isolate-patch/isolate_patch.dart 194:5      _RawReceivePort._handleMessage
  
00:00 +0 -2: D:/Users/ROG/Documents/University/NUM/Codes/flutter projects/anime_discovery/test/widget_test.dart: App smoke test
══╡ EXCEPTION CAUGHT BY WIDGETS LIBRARY ╞═══════════════════════════════════════════════════════════
The following ProviderNotFoundException was thrown building Consumer<AnimeProvider>(dirty):
Error: Could not find the correct Provider<AnimeProvider> above this Consumer<AnimeProvider> Widget

This happens because you used a `BuildContext` that does not include the provider
of your choice. There are a few common scenarios:

- You added a new provider in your `main.dart` and performed a hot-reload.
  To fix, perform a hot-restart.

- The provider you are trying to read is in a different route.

  Providers are "scoped". So if you insert of provider inside a route, then
  other routes will not be able to access that provider.

- You used a `BuildContext` that is an ancestor of the provider you are trying to read.

  Make sure that Consumer<AnimeProvider> is under your MultiProvider/Provider<AnimeProvider>.
  This usually happens when you are creating a provider and trying to read it immediately.

  For example, instead of:

  ```
  Widget build(BuildContext context) {
    return Provider<Example>(
      create: (_) => Example(),
      // Will throw a ProviderNotFoundError, because `context` is associated
      // to the widget that is the parent of `Provider<Example>`
      child: Text(context.watch<Example>().toString()),
    );
  }
  ```

  consider using `builder` like so:

  ```
  Widget build(BuildContext context) {
    return Provider<Example>(
      create: (_) => Example(),
      // we use `builder` to obtain a new `BuildContext` that has access to the provider
      builder: (context, child) {
        // No longer throws
        return Text(context.watch<Example>().toString());
      }
    );
  }
  ```

If none of these solutions work, consider asking for help on StackOverflow:
https://stackoverflow.com/questions/tagged/flutter

The relevant error-causing widget was:
  Consumer<AnimeProvider>
  Consumer:file:///D:/Users/ROG/Documents/University/NUM/Codes/flutter%20projects/anime_discovery/lib/screens/home_screen.dart:63:13

When the exception was thrown, this was the stack:
#0      Provider._inheritedElementOf (package:provider/src/provider.dart:377:7)
#1      Provider.of (package:provider/src/provider.dart:327:30)
#2      Consumer.buildWithChild (package:provider/src/consumer.dart:181:16)
#3      SingleChildStatelessWidget.build (package:nested/nested.dart:259:41)
#4      StatelessElement.build (package:flutter/src/widgets/framework.dart:5892:49)
#5      SingleChildStatelessElement.build (package:nested/nested.dart:279:18)
#6      ComponentElement.performRebuild (package:flutter/src/widgets/framework.dart:5820:15)
#7      Element.rebuild (package:flutter/src/widgets/framework.dart:5532:7)
#8      ComponentElement._firstBuild (package:flutter/src/widgets/framework.dart:5802:5)
#9      ComponentElement.mount (package:flutter/src/widgets/framework.dart:5796:5)
#10     SingleChildWidgetElementMixin.mount (package:nested/nested.dart:222:11)
...     Normal element mounting (13 frames)
#23     Element.inflateWidget (package:flutter/src/widgets/framework.dart:4590:20)
#24     Element.updateChild (package:flutter/src/widgets/framework.dart:4059:18)
#25     _LayoutBuilderElement._rebuildWithConstraints.updateChildCallback (package:flutter/src/widgets/layout_builder.dart:248:18)
#26     BuildOwner.buildScope (package:flutter/src/widgets/framework.dart:3101:19)
#27     _LayoutBuilderElement._rebuildWithConstraints (package:flutter/src/widgets/layout_builder.dart:271:12)
#28     RenderAbstractLayoutBuilderMixin.layoutCallback (package:flutter/src/widgets/layout_builder.dart:334:38)
#29     RenderObjectWithLayoutCallbackMixin.runLayoutCallback.<anonymous closure> (package:flutter/src/rendering/object.dart:4169:33)
#30     RenderObject.invokeLayoutCallback.<anonymous closure> (package:flutter/src/rendering/object.dart:2894:17)
#31     PipelineOwner._enableMutationsToDirtySubtrees (package:flutter/src/rendering/object.dart:1219:15)
#32     RenderObject.invokeLayoutCallback (package:flutter/src/rendering/object.dart:2893:14)
#33     RenderObjectWithLayoutCallbackMixin.runLayoutCallback (package:flutter/src/rendering/object.dart:4169:5)
#34     _RenderLayoutBuilder.performLayout (package:flutter/src/widgets/layout_builder.dart:448:5)
#35     RenderObject.layout (package:flutter/src/rendering/object.dart:2775:7)
#36     MultiChildLayoutDelegate.layoutChild (package:flutter/src/rendering/custom_layout.dart:180:12)
#37     _ScaffoldLayout.performLayout (package:flutter/src/material/scaffold.dart:1112:7)
#38     MultiChildLayoutDelegate._callPerformLayout (package:flutter/src/rendering/custom_layout.dart:249:7)
#39     RenderCustomMultiChildLayoutBox.performLayout (package:flutter/src/rendering/custom_layout.dart:420:14)
#40     RenderObject.layout (package:flutter/src/rendering/object.dart:2775:7)
#41     RenderProxyBoxMixin.performLayout (package:flutter/src/rendering/proxy_box.dart:115:18)
#42     RenderObject.layout (package:flutter/src/rendering/object.dart:2775:7)
#43     RenderProxyBoxMixin.performLayout (package:flutter/src/rendering/proxy_box.dart:115:18)
#44     _RenderCustomClip.performLayout (package:flutter/src/rendering/proxy_box.dart:1481:11)
#45     RenderObject.layout (package:flutter/src/rendering/object.dart:2775:7)
#46     RenderProxyBoxMixin.performLayout (package:flutter/src/rendering/proxy_box.dart:115:18)
#47     RenderObject.layout (package:flutter/src/rendering/object.dart:2775:7)
#48     RenderProxyBoxMixin.performLayout (package:flutter/src/rendering/proxy_box.dart:115:18)
#49     RenderObject.layout (package:flutter/src/rendering/object.dart:2775:7)
#50     ChildLayoutHelper.layoutChild (package:flutter/src/rendering/layout_helper.dart:62:11)
#51     RenderStack._computeSize (package:flutter/src/rendering/stack.dart:645:43)
#52     RenderStack.performLayout (package:flutter/src/rendering/stack.dart:680:12)
#53     RenderObject.layout (package:flutter/src/rendering/object.dart:2775:7)
#54     _RenderLayoutBuilder.performLayout (package:flutter/src/widgets/layout_builder.dart:450:14)
#55     RenderObject.layout (package:flutter/src/rendering/object.dart:2775:7)
#56     MultiChildLayoutDelegate.layoutChild (package:flutter/src/rendering/custom_layout.dart:180:12)
#57     _ScaffoldLayout.performLayout (package:flutter/src/material/scaffold.dart:1112:7)
#58     MultiChildLayoutDelegate._callPerformLayout (package:flutter/src/rendering/custom_layout.dart:249:7)
#59     RenderCustomMultiChildLayoutBox.performLayout (package:flutter/src/rendering/custom_layout.dart:420:14)
#60     RenderObject.layout (package:flutter/src/rendering/object.dart:2775:7)
#61     RenderProxyBoxMixin.performLayout (package:flutter/src/rendering/proxy_box.dart:115:18)
#62     RenderObject.layout (package:flutter/src/rendering/object.dart:2775:7)
#63     RenderProxyBoxMixin.performLayout (package:flutter/src/rendering/proxy_box.dart:115:18)
#64     _RenderCustomClip.performLayout (package:flutter/src/rendering/proxy_box.dart:1481:11)
#65     RenderObject.layout (package:flutter/src/rendering/object.dart:2775:7)
#66     RenderProxyBoxMixin.performLayout (package:flutter/src/rendering/proxy_box.dart:115:18)
#67     RenderObject.layout (package:flutter/src/rendering/object.dart:2775:7)
#68     RenderProxyBoxMixin.performLayout (package:flutter/src/rendering/proxy_box.dart:115:18)
#69     RenderObject.layout (package:flutter/src/rendering/object.dart:2775:7)
#70     RenderProxyBoxMixin.performLayout (package:flutter/src/rendering/proxy_box.dart:115:18)
#71     RenderObject.layout (package:flutter/src/rendering/object.dart:2775:7)
#72     RenderProxyBoxMixin.performLayout (package:flutter/src/rendering/proxy_box.dart:115:18)
#73     RenderObject.layout (package:flutter/src/rendering/object.dart:2775:7)
#74     RenderProxyBoxMixin.performLayout (package:flutter/src/rendering/proxy_box.dart:115:18)
#75     RenderObject.layout (package:flutter/src/rendering/object.dart:2775:7)
#76     RenderProxyBoxMixin.performLayout (package:flutter/src/rendering/proxy_box.dart:115:18)
#77     RenderObject.layout (package:flutter/src/rendering/object.dart:2775:7)
#78     RenderProxyBoxMixin.performLayout (package:flutter/src/rendering/proxy_box.dart:115:18)
#79     RenderObject.layout (package:flutter/src/rendering/object.dart:2775:7)
#80     RenderProxyBoxMixin.performLayout (package:flutter/src/rendering/proxy_box.dart:115:18)
#81     RenderObject.layout (package:flutter/src/rendering/object.dart:2775:7)
#82     RenderProxyBoxMixin.performLayout (package:flutter/src/rendering/proxy_box.dart:115:18)
#83     RenderObject.layout (package:flutter/src/rendering/object.dart:2775:7)
#84     RenderProxyBoxMixin.performLayout (package:flutter/src/rendering/proxy_box.dart:115:18)
#85     RenderObject.layout (package:flutter/src/rendering/object.dart:2775:7)
#86     RenderProxyBoxMixin.performLayout (package:flutter/src/rendering/proxy_box.dart:115:18)
#87     RenderObject.layout (package:flutter/src/rendering/object.dart:2775:7)
#88     RenderProxyBoxMixin.performLayout (package:flutter/src/rendering/proxy_box.dart:115:18)
#89     RenderObject.layout (package:flutter/src/rendering/object.dart:2775:7)
#90     RenderProxyBoxMixin.performLayout (package:flutter/src/rendering/proxy_box.dart:115:18)
#91     RenderObject.layout (package:flutter/src/rendering/object.dart:2775:7)
#92     RenderProxyBoxMixin.performLayout (package:flutter/src/rendering/proxy_box.dart:115:18)
#93     RenderObject.layout (package:flutter/src/rendering/object.dart:2775:7)
#94     RenderProxyBoxMixin.performLayout (package:flutter/src/rendering/proxy_box.dart:115:18)
#95     RenderObject.layout (package:flutter/src/rendering/object.dart:2775:7)
#96     RenderProxyBoxMixin.performLayout (package:flutter/src/rendering/proxy_box.dart:115:18)
#97     RenderOffstage.performLayout (package:flutter/src/rendering/proxy_box.dart:3848:13)
#98     RenderObject.layout (package:flutter/src/rendering/object.dart:2775:7)
#99     RenderProxyBoxMixin.performLayout (package:flutter/src/rendering/proxy_box.dart:115:18)
#100    RenderObject.layout (package:flutter/src/rendering/object.dart:2775:7)
#101    _RenderTheaterMixin.layoutChild (package:flutter/src/widgets/overlay.dart:1084:13)
#102    _RenderTheater.performLayout (package:flutter/src/widgets/overlay.dart:1429:9)
#103    RenderObject.layout (package:flutter/src/rendering/object.dart:2775:7)
#104    RenderProxyBoxMixin.performLayout (package:flutter/src/rendering/proxy_box.dart:115:18)
#105    RenderObject.layout (package:flutter/src/rendering/object.dart:2775:7)
#106    RenderProxyBoxMixin.performLayout (package:flutter/src/rendering/proxy_box.dart:115:18)
#107    RenderObject.layout (package:flutter/src/rendering/object.dart:2775:7)
#108    RenderProxyBoxMixin.performLayout (package:flutter/src/rendering/proxy_box.dart:115:18)
#109    RenderObject.layout (package:flutter/src/rendering/object.dart:2775:7)
#110    RenderProxyBoxMixin.performLayout (package:flutter/src/rendering/proxy_box.dart:115:18)
#111    RenderCustomPaint.performLayout (package:flutter/src/rendering/custom_paint.dart:574:11)
#112    RenderObject.layout (package:flutter/src/rendering/object.dart:2775:7)
#113    RenderProxyBoxMixin.performLayout (package:flutter/src/rendering/proxy_box.dart:115:18)
#114    RenderObject.layout (package:flutter/src/rendering/object.dart:2775:7)
#115    RenderProxyBoxMixin.performLayout (package:flutter/src/rendering/proxy_box.dart:115:18)
#116    RenderObject.layout (package:flutter/src/rendering/object.dart:2775:7)
#117    RenderProxyBoxMixin.performLayout (package:flutter/src/rendering/proxy_box.dart:115:18)
#118    RenderObject.layout (package:flutter/src/rendering/object.dart:2775:7)
#119    RenderProxyBoxMixin.performLayout (package:flutter/src/rendering/proxy_box.dart:115:18)
#120    RenderObject.layout (package:flutter/src/rendering/object.dart:2775:7)
#121    RenderProxyBoxMixin.performLayout (package:flutter/src/rendering/proxy_box.dart:115:18)
#122    RenderObject.layout (package:flutter/src/rendering/object.dart:2775:7)
#123    RenderProxyBoxMixin.performLayout (package:flutter/src/rendering/proxy_box.dart:115:18)
#124    RenderObject.layout (package:flutter/src/rendering/object.dart:2775:7)
#125    RenderView.performLayout (package:flutter/src/rendering/view.dart:294:12)
#126    RenderObject._layoutWithoutResize (package:flutter/src/rendering/object.dart:2623:7)
#127    PipelineOwner.flushLayout (package:flutter/src/rendering/object.dart:1170:18)
#128    PipelineOwner.flushLayout (package:flutter/src/rendering/object.dart:1183:15)
#129    AutomatedTestWidgetsFlutterBinding.drawFrame (package:flutter_test/src/binding.dart:1508:27)
#130    RendererBinding._handlePersistentFrameCallback (package:flutter/src/rendering/binding.dart:495:5)
#131    SchedulerBinding._invokeFrameCallback (package:flutter/src/scheduler/binding.dart:1434:15)
#132    SchedulerBinding.handleDrawFrame (package:flutter/src/scheduler/binding.dart:1347:9)
#133    AutomatedTestWidgetsFlutterBinding.pump.<anonymous closure> (package:flutter_test/src/binding.dart:1335:9)
#136    TestAsyncUtils.guard (package:flutter_test/src/test_async_utils.dart:74:41)
#137    AutomatedTestWidgetsFlutterBinding.pump (package:flutter_test/src/binding.dart:1324:27)
#138    WidgetTester.pumpWidget.<anonymous closure> (package:flutter_test/src/widget_tester.dart:598:22)
#141    TestAsyncUtils.guard (package:flutter_test/src/test_async_utils.dart:74:41)
#142    WidgetTester.pumpWidget (package:flutter_test/src/widget_tester.dart:595:27)
#143    main.<anonymous closure> (file:///D:/Users/ROG/Documents/University/NUM/Codes/flutter%20projects/anime_discovery/test/widget_test.dart:8:18)
#144    testWidgets.<anonymous closure>.<anonymous closure> (package:flutter_test/src/widget_tester.dart:192:29)
<asynchronous suspension>
#145    TestWidgetsFlutterBinding._runTestBody (package:flutter_test/src/binding.dart:1059:5)
<asynchronous suspension>
<asynchronous suspension>
(elided 5 frames from dart:async and package:stack_trace)

════════════════════════════════════════════════════════════════════════════════════════════════════
══╡ EXCEPTION CAUGHT BY WIDGETS LIBRARY ╞═══════════════════════════════════════════════════════════
The following ProviderNotFoundException was thrown building Consumer<AnimeProvider>(dirty):
Error: Could not find the correct Provider<AnimeProvider> above this Consumer<AnimeProvider> Widget

This happens because you used a `BuildContext` that does not include the provider
of your choice. There are a few common scenarios:

- You added a new provider in your `main.dart` and performed a hot-reload.
  To fix, perform a hot-restart.

- The provider you are trying to read is in a different route.

  Providers are "scoped". So if you insert of provider inside a route, then
  other routes will not be able to access that provider.

- You used a `BuildContext` that is an ancestor of the provider you are trying to read.

  Make sure that Consumer<AnimeProvider> is under your MultiProvider/Provider<AnimeProvider>.
  This usually happens when you are creating a provider and trying to read it immediately.

  For example, instead of:

  ```
  Widget build(BuildContext context) {
    return Provider<Example>(
      create: (_) => Example(),
      // Will throw a ProviderNotFoundError, because `context` is associated
      // to the widget that is the parent of `Provider<Example>`
      child: Text(context.watch<Example>().toString()),
    );
  }
  ```

  consider using `builder` like so:

  ```
  Widget build(BuildContext context) {
    return Provider<Example>(
      create: (_) => Example(),
      // we use `builder` to obtain a new `BuildContext` that has access to the provider
      builder: (context, child) {
        // No longer throws
        return Text(context.watch<Example>().toString());
      }
    );
  }
  ```

If none of these solutions work, consider asking for help on StackOverflow:
https://stackoverflow.com/questions/tagged/flutter

The relevant error-causing widget was:
  Consumer<AnimeProvider>
  Consumer:file:///D:/Users/ROG/Documents/University/NUM/Codes/flutter%20projects/anime_discovery/lib/screens/search_screen.dart:89:24

When the exception was thrown, this was the stack:
#0      Provider._inheritedElementOf (package:provider/src/provider.dart:377:7)
#1      Provider.of (package:provider/src/provider.dart:327:30)
#2      Consumer.buildWithChild (package:provider/src/consumer.dart:181:16)
#3      SingleChildStatelessWidget.build (package:nested/nested.dart:259:41)
#4      StatelessElement.build (package:flutter/src/widgets/framework.dart:5892:49)
#5      SingleChildStatelessElement.build (package:nested/nested.dart:279:18)
#6      ComponentElement.performRebuild (package:flutter/src/widgets/framework.dart:5820:15)
#7      Element.rebuild (package:flutter/src/widgets/framework.dart:5532:7)
#8      ComponentElement._firstBuild (package:flutter/src/widgets/framework.dart:5802:5)
#9      ComponentElement.mount (package:flutter/src/widgets/framework.dart:5796:5)
#10     SingleChildWidgetElementMixin.mount (package:nested/nested.dart:222:11)
...     Normal element mounting (7 frames)
#17     Element.inflateWidget (package:flutter/src/widgets/framework.dart:4590:20)
#18     MultiChildRenderObjectElement.inflateWidget (package:flutter/src/widgets/framework.dart:7269:36)
#19     MultiChildRenderObjectElement.mount (package:flutter/src/widgets/framework.dart:7285:32)
...     Normal element mounting (31 frames)
#50     Element.inflateWidget (package:flutter/src/widgets/framework.dart:4590:20)
#51     Element.updateChild (package:flutter/src/widgets/framework.dart:4059:18)
#52     _LayoutBuilderElement._rebuildWithConstraints.updateChildCallback (package:flutter/src/widgets/layout_builder.dart:248:18)
#53     BuildOwner.buildScope (package:flutter/src/widgets/framework.dart:3101:19)
#54     _LayoutBuilderElement._rebuildWithConstraints (package:flutter/src/widgets/layout_builder.dart:271:12)
#55     RenderAbstractLayoutBuilderMixin.layoutCallback (package:flutter/src/widgets/layout_builder.dart:334:38)
#56     RenderObjectWithLayoutCallbackMixin.runLayoutCallback.<anonymous closure> (package:flutter/src/rendering/object.dart:4169:33)
#57     RenderObject.invokeLayoutCallback.<anonymous closure> (package:flutter/src/rendering/object.dart:2894:17)
#58     PipelineOwner._enableMutationsToDirtySubtrees (package:flutter/src/rendering/object.dart:1219:15)
#59     RenderObject.invokeLayoutCallback (package:flutter/src/rendering/object.dart:2893:14)
#60     RenderObjectWithLayoutCallbackMixin.runLayoutCallback (package:flutter/src/rendering/object.dart:4169:5)
#61     _RenderLayoutBuilder.performLayout (package:flutter/src/widgets/layout_builder.dart:448:5)
#62     RenderObject.layout (package:flutter/src/rendering/object.dart:2775:7)
#63     MultiChildLayoutDelegate.layoutChild (package:flutter/src/rendering/custom_layout.dart:180:12)
#64     _ScaffoldLayout.performLayout (package:flutter/src/material/scaffold.dart:1112:7)
#65     MultiChildLayoutDelegate._callPerformLayout (package:flutter/src/rendering/custom_layout.dart:249:7)
#66     RenderCustomMultiChildLayoutBox.performLayout (package:flutter/src/rendering/custom_layout.dart:420:14)
#67     RenderObject.layout (package:flutter/src/rendering/object.dart:2775:7)
#68     RenderProxyBoxMixin.performLayout (package:flutter/src/rendering/proxy_box.dart:115:18)
#69     RenderObject.layout (package:flutter/src/rendering/object.dart:2775:7)
#70     RenderProxyBoxMixin.performLayout (package:flutter/src/rendering/proxy_box.dart:115:18)
#71     _RenderCustomClip.performLayout (package:flutter/src/rendering/proxy_box.dart:1481:11)
#72     RenderObject.layout (package:flutter/src/rendering/object.dart:2775:7)
#73     RenderProxyBoxMixin.performLayout (package:flutter/src/rendering/proxy_box.dart:115:18)
#74     RenderObject.layout (package:flutter/src/rendering/object.dart:2775:7)
#75     RenderProxyBoxMixin.performLayout (package:flutter/src/rendering/proxy_box.dart:115:18)
#76     RenderObject.layout (package:flutter/src/rendering/object.dart:2775:7)
#77     ChildLayoutHelper.layoutChild (package:flutter/src/rendering/layout_helper.dart:62:11)
#78     RenderStack._computeSize (package:flutter/src/rendering/stack.dart:645:43)
#79     RenderStack.performLayout (package:flutter/src/rendering/stack.dart:680:12)
#80     RenderObject.layout (package:flutter/src/rendering/object.dart:2775:7)
#81     _RenderLayoutBuilder.performLayout (package:flutter/src/widgets/layout_builder.dart:450:14)
#82     RenderObject.layout (package:flutter/src/rendering/object.dart:2775:7)
#83     MultiChildLayoutDelegate.layoutChild (package:flutter/src/rendering/custom_layout.dart:180:12)
#84     _ScaffoldLayout.performLayout (package:flutter/src/material/scaffold.dart:1112:7)
#85     MultiChildLayoutDelegate._callPerformLayout (package:flutter/src/rendering/custom_layout.dart:249:7)
#86     RenderCustomMultiChildLayoutBox.performLayout (package:flutter/src/rendering/custom_layout.dart:420:14)
#87     RenderObject.layout (package:flutter/src/rendering/object.dart:2775:7)
#88     RenderProxyBoxMixin.performLayout (package:flutter/src/rendering/proxy_box.dart:115:18)
#89     RenderObject.layout (package:flutter/src/rendering/object.dart:2775:7)
#90     RenderProxyBoxMixin.performLayout (package:flutter/src/rendering/proxy_box.dart:115:18)
#91     _RenderCustomClip.performLayout (package:flutter/src/rendering/proxy_box.dart:1481:11)
#92     RenderObject.layout (package:flutter/src/rendering/object.dart:2775:7)
#93     RenderProxyBoxMixin.performLayout (package:flutter/src/rendering/proxy_box.dart:115:18)
#94     RenderObject.layout (package:flutter/src/rendering/object.dart:2775:7)
#95     RenderProxyBoxMixin.performLayout (package:flutter/src/rendering/proxy_box.dart:115:18)
#96     RenderObject.layout (package:flutter/src/rendering/object.dart:2775:7)
#97     RenderProxyBoxMixin.performLayout (package:flutter/src/rendering/proxy_box.dart:115:18)
#98     RenderObject.layout (package:flutter/src/rendering/object.dart:2775:7)
#99     RenderProxyBoxMixin.performLayout (package:flutter/src/rendering/proxy_box.dart:115:18)
#100    RenderObject.layout (package:flutter/src/rendering/object.dart:2775:7)
#101    RenderProxyBoxMixin.performLayout (package:flutter/src/rendering/proxy_box.dart:115:18)
#102    RenderObject.layout (package:flutter/src/rendering/object.dart:2775:7)
#103    RenderProxyBoxMixin.performLayout (package:flutter/src/rendering/proxy_box.dart:115:18)
#104    RenderObject.layout (package:flutter/src/rendering/object.dart:2775:7)
#105    RenderProxyBoxMixin.performLayout (package:flutter/src/rendering/proxy_box.dart:115:18)
#106    RenderObject.layout (package:flutter/src/rendering/object.dart:2775:7)
#107    RenderProxyBoxMixin.performLayout (package:flutter/src/rendering/proxy_box.dart:115:18)
#108    RenderObject.layout (package:flutter/src/rendering/object.dart:2775:7)
#109    RenderProxyBoxMixin.performLayout (package:flutter/src/rendering/proxy_box.dart:115:18)
#110    RenderObject.layout (package:flutter/src/rendering/object.dart:2775:7)
#111    RenderProxyBoxMixin.performLayout (package:flutter/src/rendering/proxy_box.dart:115:18)
#112    RenderObject.layout (package:flutter/src/rendering/object.dart:2775:7)
#113    RenderProxyBoxMixin.performLayout (package:flutter/src/rendering/proxy_box.dart:115:18)
#114    RenderObject.layout (package:flutter/src/rendering/object.dart:2775:7)
#115    RenderProxyBoxMixin.performLayout (package:flutter/src/rendering/proxy_box.dart:115:18)
#116    RenderObject.layout (package:flutter/src/rendering/object.dart:2775:7)
#117    RenderProxyBoxMixin.performLayout (package:flutter/src/rendering/proxy_box.dart:115:18)
#118    RenderObject.layout (package:flutter/src/rendering/object.dart:2775:7)
#119    RenderProxyBoxMixin.performLayout (package:flutter/src/rendering/proxy_box.dart:115:18)
#120    RenderObject.layout (package:flutter/src/rendering/object.dart:2775:7)
#121    RenderProxyBoxMixin.performLayout (package:flutter/src/rendering/proxy_box.dart:115:18)
#122    RenderObject.layout (package:flutter/src/rendering/object.dart:2775:7)
#123    RenderProxyBoxMixin.performLayout (package:flutter/src/rendering/proxy_box.dart:115:18)
#124    RenderOffstage.performLayout (package:flutter/src/rendering/proxy_box.dart:3848:13)
#125    RenderObject.layout (package:flutter/src/rendering/object.dart:2775:7)
#126    RenderProxyBoxMixin.performLayout (package:flutter/src/rendering/proxy_box.dart:115:18)
#127    RenderObject.layout (package:flutter/src/rendering/object.dart:2775:7)
#128    _RenderTheaterMixin.layoutChild (package:flutter/src/widgets/overlay.dart:1084:13)
#129    _RenderTheater.performLayout (package:flutter/src/widgets/overlay.dart:1429:9)
#130    RenderObject.layout (package:flutter/src/rendering/object.dart:2775:7)
#131    RenderProxyBoxMixin.performLayout (package:flutter/src/rendering/proxy_box.dart:115:18)
#132    RenderObject.layout (package:flutter/src/rendering/object.dart:2775:7)
#133    RenderProxyBoxMixin.performLayout (package:flutter/src/rendering/proxy_box.dart:115:18)
#134    RenderObject.layout (package:flutter/src/rendering/object.dart:2775:7)
#135    RenderProxyBoxMixin.performLayout (package:flutter/src/rendering/proxy_box.dart:115:18)
#136    RenderObject.layout (package:flutter/src/rendering/object.dart:2775:7)
#137    RenderProxyBoxMixin.performLayout (package:flutter/src/rendering/proxy_box.dart:115:18)
#138    RenderCustomPaint.performLayout (package:flutter/src/rendering/custom_paint.dart:574:11)
#139    RenderObject.layout (package:flutter/src/rendering/object.dart:2775:7)
#140    RenderProxyBoxMixin.performLayout (package:flutter/src/rendering/proxy_box.dart:115:18)
#141    RenderObject.layout (package:flutter/src/rendering/object.dart:2775:7)
#142    RenderProxyBoxMixin.performLayout (package:flutter/src/rendering/proxy_box.dart:115:18)
#143    RenderObject.layout (package:flutter/src/rendering/object.dart:2775:7)
#144    RenderProxyBoxMixin.performLayout (package:flutter/src/rendering/proxy_box.dart:115:18)
#145    RenderObject.layout (package:flutter/src/rendering/object.dart:2775:7)
#146    RenderProxyBoxMixin.performLayout (package:flutter/src/rendering/proxy_box.dart:115:18)
#147    RenderObject.layout (package:flutter/src/rendering/object.dart:2775:7)
#148    RenderProxyBoxMixin.performLayout (package:flutter/src/rendering/proxy_box.dart:115:18)
#149    RenderObject.layout (package:flutter/src/rendering/object.dart:2775:7)
#150    RenderProxyBoxMixin.performLayout (package:flutter/src/rendering/proxy_box.dart:115:18)
#151    RenderObject.layout (package:flutter/src/rendering/object.dart:2775:7)
#152    RenderView.performLayout (package:flutter/src/rendering/view.dart:294:12)
#153    RenderObject._layoutWithoutResize (package:flutter/src/rendering/object.dart:2623:7)
#154    PipelineOwner.flushLayout (package:flutter/src/rendering/object.dart:1170:18)
#155    PipelineOwner.flushLayout (package:flutter/src/rendering/object.dart:1183:15)
#156    AutomatedTestWidgetsFlutterBinding.drawFrame (package:flutter_test/src/binding.dart:1508:27)
#157    RendererBinding._handlePersistentFrameCallback (package:flutter/src/rendering/binding.dart:495:5)
#158    SchedulerBinding._invokeFrameCallback (package:flutter/src/scheduler/binding.dart:1434:15)
#159    SchedulerBinding.handleDrawFrame (package:flutter/src/scheduler/binding.dart:1347:9)
#160    AutomatedTestWidgetsFlutterBinding.pump.<anonymous closure> (package:flutter_test/src/binding.dart:1335:9)
#163    TestAsyncUtils.guard (package:flutter_test/src/test_async_utils.dart:74:41)
#164    AutomatedTestWidgetsFlutterBinding.pump (package:flutter_test/src/binding.dart:1324:27)
#165    WidgetTester.pumpWidget.<anonymous closure> (package:flutter_test/src/widget_tester.dart:598:22)
#168    TestAsyncUtils.guard (package:flutter_test/src/test_async_utils.dart:74:41)
#169    WidgetTester.pumpWidget (package:flutter_test/src/widget_tester.dart:595:27)
#170    main.<anonymous closure> (file:///D:/Users/ROG/Documents/University/NUM/Codes/flutter%20projects/anime_discovery/test/widget_test.dart:8:18)
#171    testWidgets.<anonymous closure>.<anonymous closure> (package:flutter_test/src/widget_tester.dart:192:29)
<asynchronous suspension>
#172    TestWidgetsFlutterBinding._runTestBody (package:flutter_test/src/binding.dart:1059:5)
<asynchronous suspension>
<asynchronous suspension>
(elided 5 frames from dart:async and package:stack_trace)

════════════════════════════════════════════════════════════════════════════════════════════════════
══╡ EXCEPTION CAUGHT BY SCHEDULER LIBRARY ╞═════════════════════════════════════════════════════════
The following ProviderNotFoundException was thrown during a scheduler callback:
Error: Could not find the correct Provider<AnimeProvider> above this HomeScreen Widget

This happens because you used a `BuildContext` that does not include the provider
of your choice. There are a few common scenarios:

- You added a new provider in your `main.dart` and performed a hot-reload.
  To fix, perform a hot-restart.

- The provider you are trying to read is in a different route.

  Providers are "scoped". So if you insert of provider inside a route, then
  other routes will not be able to access that provider.

- You used a `BuildContext` that is an ancestor of the provider you are trying to read.

  Make sure that HomeScreen is under your MultiProvider/Provider<AnimeProvider>.
  This usually happens when you are creating a provider and trying to read it immediately.

  For example, instead of:

  ```
  Widget build(BuildContext context) {
    return Provider<Example>(
      create: (_) => Example(),
      // Will throw a ProviderNotFoundError, because `context` is associated
      // to the widget that is the parent of `Provider<Example>`
      child: Text(context.watch<Example>().toString()),
    );
  }
  ```

  consider using `builder` like so:

  ```
  Widget build(BuildContext context) {
    return Provider<Example>(
      create: (_) => Example(),
      // we use `builder` to obtain a new `BuildContext` that has access to the provider
      builder: (context, child) {
        // No longer throws
        return Text(context.watch<Example>().toString());
      }
    );
  }
  ```

If none of these solutions work, consider asking for help on StackOverflow:
https://stackoverflow.com/questions/tagged/flutter

When the exception was thrown, this was the stack:
#0      Provider._inheritedElementOf (package:provider/src/provider.dart:377:7)
#1      Provider.of (package:provider/src/provider.dart:327:30)
#2      ReadContext.read (package:provider/src/provider.dart:683:21)
#3      _HomeScreenState.initState.<anonymous closure> (package:anime_discovery/screens/home_screen.dart:22:15)
#4      SchedulerBinding._invokeFrameCallback (package:flutter/src/scheduler/binding.dart:1434:15)
#5      SchedulerBinding.handleDrawFrame (package:flutter/src/scheduler/binding.dart:1361:11)
#6      AutomatedTestWidgetsFlutterBinding.pump.<anonymous closure> (package:flutter_test/src/binding.dart:1335:9)
#9      TestAsyncUtils.guard (package:flutter_test/src/test_async_utils.dart:74:41)
#10     AutomatedTestWidgetsFlutterBinding.pump (package:flutter_test/src/binding.dart:1324:27)
#11     WidgetTester.pumpWidget.<anonymous closure> (package:flutter_test/src/widget_tester.dart:598:22)
#14     TestAsyncUtils.guard (package:flutter_test/src/test_async_utils.dart:74:41)
#15     WidgetTester.pumpWidget (package:flutter_test/src/widget_tester.dart:595:27)
#16     main.<anonymous closure> (file:///D:/Users/ROG/Documents/University/NUM/Codes/flutter%20projects/anime_discovery/test/widget_test.dart:8:18)
#17     testWidgets.<anonymous closure>.<anonymous closure> (package:flutter_test/src/widget_tester.dart:192:29)
<asynchronous suspension>
#18     TestWidgetsFlutterBinding._runTestBody (package:flutter_test/src/binding.dart:1059:5)
<asynchronous suspension>
<asynchronous suspension>
(elided 5 frames from dart:async and package:stack_trace)
════════════════════════════════════════════════════════════════════════════════════════════════════
══╡ EXCEPTION CAUGHT BY FLUTTER TEST FRAMEWORK ╞════════════════════════════════════════════════════
The following message was thrown:
Multiple exceptions (3) were detected during the running of the current test, and at least one was
unexpected.
════════════════════════════════════════════════════════════════════════════════════════════════════
00:00 +0 -3: D:/Users/ROG/Documents/University/NUM/Codes/flutter projects/anime_discovery/test/widget_test.dart: App smoke test [E]
  Test failed. See exception logs above.
  The test description was: App smoke test
  
00:00 +0 -3: Some tests failed.
